[kpbsupportssolutions.com/index.html]
[backblue.gif]
[fade.gif]
[index.html]
[kpbsupportssolutions.com/style.css]
[cdnjs.cloudflare.com/ajax/libs/font-awesome/6.5.1/css/all.min.css]
[kpbsupportssolutions.com/dropdown_navbar.css]
[kpbsupportssolutions.com/navigation_bar.css]
[kpbsupportssolutions.com/logo/logo.png]
[kpbsupportssolutions.com/product.html]
[kpbsupportssolutions.com/pricing.html]
[kpbsupportssolutions.com/resources.html]
[kpbsupportssolutions.com/about.html]
[kpbsupportssolutions.com/awards.html]
[kpbsupportssolutions.com/certifications.html]
[kpbsupportssolutions.com/blogs.html]
[kpbsupportssolutions.com/contact.html]
[kpbsupportssolutions.com/industries/bpm.html]
[kpbsupportssolutions.com/industries/itservices.html]
[kpbsupportssolutions.com/industries/technology.html]
[kpbsupportssolutions.com/industries/bfsi.html]
[kpbsupportssolutions.com/industries/education.html]
[kpbsupportssolutions.com/search_func.js]
[kpbsupportssolutions.com/service.js]
[kpbsupportssolutions.com/expert.js]
[kpbsupportssolutions.com/counter.js]
[kpbsupportssolutions.com/index.html]
[kpbsupportssolutions.com/active_bar_services.js]
[kpbsupportssolutions.com/style.css]
[cdnjs.cloudflare.com/ajax/libs/font-awesome/6.5.1/css/all.min.css]
[kpbsupportssolutions.com/dropdown_navbar.css]
[kpbsupportssolutions.com/navigation_bar.css]
[kpbsupportssolutions.com/product.css]
[cdnjs.cloudflare.com/ajax/libs/font-awesome/4.7.0/css/font-awesome.min.css]
[unpkg.com/ionicons@5.5.2/dist/ionicons/ionicons.esm.js]
[unpkg.com/ionicons@5.5.2/dist/ionicons/ionicons.js]
[kpbsupportssolutions.com/product.html]
[kpbsupportssolutions.com/index-2.html]
[kpbsupportssolutions.com/pricing.css]
[kpbsupportssolutions.com/pricing.html]
[kpbsupportssolutions.com/resources.css]
[kpbsupportssolutions.com/T&C.pdf]
[kpbsupportssolutions.com/resources.html]
[cdnjs.cloudflare.com/ajax/libs/aos/2.3.4/aos.css]
[cdnjs.cloudflare.com/ajax/libs/font-awesome/6.0.0/css/all.min.css]
[kpbsupportssolutions.com/api/placeholder/150/150]
[cdnjs.cloudflare.com/ajax/libs/aos/2.3.4/aos.js]
[kpbsupportssolutions.com/about.html]
[cdnjs.cloudflare.com/ajax/libs/particles.js/2.0.0/particles.min.js]
[kpbsupportssolutions.com/award.css]
[kpbsupportssolutions.com/awards.html]
[kpbsupportssolutions.com/certifications.html]
[kpbsupportssolutions.com/blogs.html]
[kpbsupportssolutions.com/contact.css]
[kpbsupportssolutions.com/api/placeholder/70/70]
[kpbsupportssolutions.com/contact.html]
[kpbsupportssolutions.com/industries/all_industries.css]
[kpbsupportssolutions.com/industries/product.html]
[kpbsupportssolutions.com/industries/pricing.html]
[kpbsupportssolutions.com/industries/resources.html]
[kpbsupportssolutions.com/industries/about.html]
[kpbsupportssolutions.com/industries/awards.html]
[kpbsupportssolutions.com/industries/certifications.html]
[kpbsupportssolutions.com/industries/blogs.html]
[kpbsupportssolutions.com/industries/contact.html]
[kpbsupportssolutions.com/industries/bpm.html]
[kpbsupportssolutions.com/industries/itservices.html]
[kpbsupportssolutions.com/industries/technology.html]
[kpbsupportssolutions.com/industries/bfsi.html]
[kpbsupportssolutions.com/industries/education.html]
[kpbsupportssolutions.com/search_func.js]
[kpbsupportssolutions.com/service.js]
[kpbsupportssolutions.com/expert.js]
[kpbsupportssolutions.com/counter.js]
[kpbsupportssolutions.com/active_bar_services.js]
[kpbsupportssolutions.com/product.css]
[cdnjs.cloudflare.com/ajax/libs/font-awesome/4.7.0/css/font-awesome.min.css]
[kpbsupportssolutions.com/index-2.html]
[kpbsupportssolutions.com/pricing.css]
[kpbsupportssolutions.com/resources.css]
[cdnjs.cloudflare.com/ajax/libs/aos/2.3.4/aos.css]
[cdnjs.cloudflare.com/ajax/libs/font-awesome/6.0.0/css/all.min.css]
[kpbsupportssolutions.com/api/placeholder/150/150.html]
[kpbsupportssolutions.com/award.css]
[kpbsupportssolutions.com/contact.css]
[kpbsupportssolutions.com/api/placeholder/70/70.html]
[kpbsupportssolutions.com/industries/all_industries.css]
[kpbsupportssolutions.com/industries/product.html]
[kpbsupportssolutions.com/industries/pricing.html]
[kpbsupportssolutions.com/industries/resources.html]
[kpbsupportssolutions.com/industries/about.html]
[kpbsupportssolutions.com/industries/awards.html]
[kpbsupportssolutions.com/industries/certifications.html]
[kpbsupportssolutions.com/industries/blogs.html]
[kpbsupportssolutions.com/industries/contact.html]
